
> nextjs@0.1.0 build
> next build

▲ Next.js 16.2.11 (Turbopack)

  Creating an optimized production build ...
✓ Compiled successfully in 5.8s
  Running TypeScript ...
  Finished TypeScript in 6.7s ...
  Collecting page data using 7 workers ...
  Generating static pages using 7 workers (0/14) ...
  Generating static pages using 7 workers (3/14) 
  Generating static pages using 7 workers (6/14) 
  Generating static pages using 7 workers (10/14) 
✓ Generating static pages using 7 workers (14/14) in 817ms
  Finalizing page optimization ...

Route (app)
┌ ○ /
├ ○ /_not-found
├ ○ /about
├ ○ /blog
├ ● /blog/[slug]
│ ├ /blog/ia-afrique
│ ├ /blog/power-bi-dashboards
│ ├ /blog/fake-news-nlp
│ └ /blog/aws-migration-guide
├ ○ /contact
├ ○ /devis
├ ○ /projects
└ ○ /services


○  (Static)  prerendered as static content
●  (SSG)     prerendered as static HTML (uses generateStaticParams)

